{
  "scope": "Executable protocol counterexample only; no browser, provider or configured judge run",
  "original_restore": {
    "restored_revision": 3
  },
  "exact_request_replay": {
    "error": "Refresh the transport token and retry the same attempt"
  },
  "same_logical_attempt_with_fresh_transport_token": {
    "restored_revision": 3
  },
  "retry_after_newer_save": {
    "restored_revision": 3
  },
  "exact_request_replay_after_restart": {
    "error": "Refresh the transport token and retry the same attempt"
  },
  "retry_after_restart_with_fresh_transport_token": {
    "restored_revision": 3
  },
  "final_history": [
    [
      1,
      "first"
    ],
    [
      2,
      "second"
    ],
    [
      3,
      "first"
    ],
    [
      4,
      "newer-work"
    ]
  ],
  "all_assertions_passed": true
}
