Scripted browser evidence; not a configured judge run
COMMAND docker exec cw-editor-browser node /tmp/clean-golden-smoke.cjs
initial Colderwater Playground ˜
Colderwater

Experiment. Recover. Keep the history.

PLAYGROUND
? Local library
Run Ctrl ?
Stop
Auto-run
Ready
01 / EDITOR
New snippet · Unchanged
Title
Filename
Save
Undo
Redo
Format document
Find
Next
Previous
Replace
Replace
Replace all
No active search
1
Ln 1, Col 1
Click the code to edit, or use Find to select text.
Saved snippets 5
New
CW editor smoke 1790891077662
smoke.js
CW two-context 1790890733143
first.js
CW editor smoke 1790890721278
smoke.js
CW editor smoke 1790887384318
smoke.js []
before-undo {
  jsPreview: '8',
  functionTokens: [ 'total', 'total' ],
  formattedLines: 8,
  formatMessage: 'Document formatted. Undo restores the previous source.',
  errors: []
}
{
  "surface": {
    "tag": "DIV",
    "editable": false,
    "codemirror": false
  },
  "jsPreview": "8",
  "functionTokens": [
    "total",
    "total"
  ],
  "formattedLines": 8,
  "formatMessage": "Document formatted. Undo restores the previous source.",
  "undoRestored": true,
  "redoRestored": true,
  "errors": []
}
EXIT 0 ELAPSED_SECONDS 4.7340904
COMMAND docker exec cw-editor-browser node /tmp/clean-editor-deep.cjs
{"grapheme":true,"blockIndent":true,"functionNameLexing":true,"longLineAndPreview":true,"pageErrors":0}
EXIT 0 ELAPSED_SECONDS 2.6677336
COMMAND docker exec cw-editor-browser node /tmp/clean-editor-flows.cjs
{
  "htmlPreview": "after",
  "tagTokens": [
    "html",
    "body",
    "h1",
    "h1",
    "script",
    "script",
    "body",
    "html"
  ],
  "attributeTokens": [
    "id"
  ],
  "formattedHtmlLines": 9,
  "formatMessage": "Document formatted. Undo restores the previous source.",
  "htmlUndo": true,
  "caretCount": 3,
  "multiTyped": "alphaMULTI\nbetaMULTI\ngammaMULTI",
  "multiUndo": "alpha\nbeta\ngamma",
  "multiRedo": "alphaMULTI\nbetaMULTI\ngammaMULTI",
  "errors": []
}
EXIT 0 ELAPSED_SECONDS 4.0495761
COMMAND docker exec cw-editor-browser node /tmp/clean-editor-state.cjs
{
  "afterFind": "Ln 1, Col 7",
  "replacedOne": "found\nX needle\nneedle",
  "replacedAll": "found\nX found\nfound",
  "undoAll": "found\nX needle\nneedle",
  "redoAll": "found\nX found\nfound",
  "kinds": {
    "keyword": {
      "text": "const",
      "color": "rgb(199, 146, 234)"
    },
    "function": {
      "text": "double",
      "color": "rgb(130, 170, 255)"
    },
    "string": {
      "text": "\"ok\"",
      "color": "rgb(195, 232, 141)"
    },
    "number": {
      "text": "2",
      "color": "rgb(247, 174, 114)"
    },
    "comment": {
      "text": "// note",
      "color": "rgb(130, 150, 170)"
    }
  },
  "saveReadback": true,
  "errors": []
}
EXIT 0 ELAPSED_SECONDS 3.7405407
COMMAND docker exec cw-editor-browser node /tmp/clean-multicaret-delete.cjs
{"backward":true,"forward":true,"atomicUndo":true}
EXIT 0 ELAPSED_SECONDS 2.2482126
COMMAND docker exec cw-editor-browser node /tmp/clean-selection-flows.cjs
{"word":"alpha","line":"alpha bravo charlie\n","dragged":"ha bravo charlie\nseco"}
EXIT 0 ELAPSED_SECONDS 2.1139353
COMMAND docker exec cw-editor-browser node /tmp/clean-format-color.cjs
{"functionNames":["paint","paint"],"idempotent":true,"oneUndo":true,"oneRedo":true,"errors":[]}
EXIT 0 ELAPSED_SECONDS 2.2473661
COMMAND docker exec cw-editor-browser node /tmp/clean-boundary-format.cjs
{"results":[{"name":"eval","preview":"SAFE","status":[],"consoleText":"03 / CONSOLE 1\nClear console\nERROR\nEvaluating a string as JavaScript violates the following Content Security Policy directive because 'unsafe-eval' is not an allowed source of script: script-src 'self' 'unsafe-inline'\". · line 1"},{"name":"Function","preview":"SAFE","status":[],"consoleText":"cause 'unsafe-eval' is not an allowed source of script: script-src 'self' 'unsafe-inline'\". · line 1\nERROR\nEvaluating a string as JavaScript violates the following Content Security Policy directive because 'unsafe-eval' is not an allowed source of script: script-src 'self' 'unsafe-inline'\". · line 1"},{"name":"WebAssembly","preview":"SAFE","status":[],"consoleText":"g as JavaScript violates the following Content Security Policy directive because 'unsafe-eval' is not an allowed source of script: script-src 'self' 'unsafe-inline'\". · line 1\nERROR\nDynamic evaluation, imports, WebAssembly and workers are outside this playground’s supported execution modes. · line 1"},{"name":"Worker","preview":"SAFE","status":[],"consoleText":"ript: script-src 'self' 'unsafe-inline'\". · line 1\nERROR\nDynamic evaluation, imports, WebAssembly and workers are outside this playground’s supported execution modes. · line 1\nERROR\nFailed to construct 'Worker': Script at 'http://172.17.0.10:3000/x.js' cannot be accessed from origin 'null'. · line 1"},{"name":"import","preview":"SAFE","status":[],"consoleText":"s playground’s supported execution modes. · line 1\nERROR\nFailed to construct 'Worker': Script at 'http://172.17.0.10:3000/x.js' cannot be accessed from origin 'null'. · line 1\nERROR\nDynamic evaluation, imports, WebAssembly and workers are outside this playground’s supported execution modes. · line 1"}],"invalidHtmlPreserved":true,"formatMessage":"Format failed: Unexpected token (1:7) > 1 | const = 42; | ^","errors":[]}
EXIT 0 ELAPSED_SECONDS 6.4644106
COMMAND docker exec cw-editor-browser node /tmp/clean-runtime-flows.cjs
{"jsErrorLine":true,"htmlErrorLine":true,"changedInputRecovery":true,"pageErrors":0}
EXIT 0 ELAPSED_SECONDS 3.1037477
COMMAND docker exec cw-editor-browser node /tmp/golden-editor-matrix.cjs
{
  "results": {
    "cw_custom_typing_and_line_join": true,
    "cw_caret_navigation_and_line_numbers": true,
    "cw_find_forward_backward_wrap": true,
    "cw_js_format_semantics_and_undo": true,
    "cw_html_format_semantics_and_undo": true
  },
  "pageErrors": []
}
EXIT 0 ELAPSED_SECONDS 5.6985215
COMMAND docker exec cw-editor-browser node /tmp/golden-runtime-matrix.cjs
{
  "results": {
    "cw_authored_custom_editor_run": true,
    "cw_last_good_recovery": true,
    "cw_timeout_stop_and_supersession": true,
    "cw_preview_boundary": true
  },
  "pageErrors": []
}
EXIT 0 ELAPSED_SECONDS 22.5997503
COMMAND docker exec cw-editor-browser node /tmp/golden-polish-visual.cjs
FOCUS [{"name":"Run Ctrl ?","visible":true},{"name":"Stop","visible":true},{"name":"checkbox","visible":true},{"name":"Snippet title","visible":true},{"name":"Filename","visible":true},{"name":"Save","visible":true},{"name":"Format document","visible":true},{"name":"Find in code","visible":true},{"name":"Next","visible":true},{"name":"Previous","visible":true},{"name":"Replacement text","visible":true},{"name":"Replace","visible":true},{"name":"Replace all","visible":true},{"name":"Code editor","visible":true},{"name":"New","visible":true},{"name":"Restart Matrix 20261002 final restart-final.js","visible":true},{"name":"Polish Matrix 1790891037394 polish.js","visible":true},{"name":"Revision 6","visible":true},{"name":"Revision 5 · restored from 1","visible":true},{"name":"Revision 4","visible":true},{"name":"Revision 3","visible":true},{"name":"Revision 2","visible":true},{"name":"Revision 1","visible":true},{"name":"Resize editor and preview","visible":true},{"name":"Resize preview and console","visible":true},{"name":"Clear console","visible":true},{"name":"˜ Colderwater Experiment. Recover. Keep the history. PLAYGROUND ? Local library ","visible":false},{"name":"Run Ctrl ?","visible":true},{"name":"Stop","visible":true},{"name":"checkbox","visible":true},{"name":"Snippet title","visible":true},{"name":"Filename","visible":true},{"name":"Save","visible":true},{"name":"Format document","visible":true},{"name":"Find in code","visible":true},{"name":"Next","visible":true},{"name":"Previous","visible":true},{"name":"Replacement text","visible":true},{"name":"Replace","visible":true},{"name":"Replace all","visible":true},{"name":"Code editor","visible":true},{"name":"New","visible":true},{"name":"Restart Matrix 20261002 final restart-final.js","visible":true},{"name":"Polish Matrix 1790891037394 polish.js","visible":true},{"name":"Revision 6","visible":true},{"name":"Revision 5 · restored from 1","visible":true},{"name":"Revision 4","visible":true},{"name":"Revision 3","visible":true},{"name":"Revision 2","visible":true},{"name":"Revision 1","visible":true},{"name":"Resize editor and preview","visible":true},{"name":"Resize preview and console","visible":true},{"name":"Clear console","visible":true},{"name":"˜ Colderwater Experiment. Recover. Keep the history. PLAYGROUND ? Local library ","visible":false},{"name":"Run Ctrl ?","visible":true}]
{
  "cw_controls_keyboard_and_focus": true,
  "cw_controls_feedback_and_labels": true,
  "visualLayoutNoOverlap": true,
  "lineNumberAlignment": true,
  "focusedLabels": [
    "Run Ctrl ?",
    "Stop",
    "checkbox",
    "Snippet title",
    "Filename",
    "Save",
    "Format document",
    "Find in code",
    "Next",
    "Previous",
    "Replacement text",
    "Replace",
    "Replace all",
    "Code editor",
    "New",
    "Restart Matrix 20261002 final restart-final.js",
    "Polish Matrix 1790891037394 polish.js",
    "Revision 6",
    "Revision 5 · restored from 1",
    "Revision 4",
    "Revision 3",
    "Revision 2",
    "Revision 1",
    "Resize editor and preview",
    "Resize preview and console",
    "Clear console",
    "˜ Colderwater Experiment. Recover. Keep the history. PLAYGROUND ? Local library ",
    "Run Ctrl ?",
    "Stop",
    "checkbox",
    "Snippet title",
    "Filename",
    "Save",
    "Format document",
    "Find in code",
    "Next",
    "Previous",
    "Replacement text",
    "Replace",
    "Replace all",
    "Code editor",
    "New",
    "Restart Matrix 20261002 final restart-final.js",
    "Polish Matrix 1790891037394 polish.js",
    "Revision 6",
    "Revision 5 · restored from 1",
    "Revision 4",
    "Revision 3",
    "Revision 2",
    "Revision 1",
    "Resize editor and preview",
    "Resize preview and console",
    "Clear console",
    "˜ Colderwater Experiment. Recover. Keep the history. PLAYGROUND ? Local library ",
    "Run Ctrl ?"
  ]
}
EXIT 0 ELAPSED_SECONDS 3.1284124
