INPUT_SHA256 5da6c5087a3e9ebcbf148f1812ebc608c333956e0667f2c1563b6bacd71baf4b
IMAGE sha256:0e603f6d29172b578e12a584b022cd55e2acbb0bd7755bf7270ec8db7d5ff07d
COMMAND ["docker", "run", "--rm", "--name", "cw-editor-r3-row19-runtime", "--mount", "type=bind,source=F:\\Documents\\turing-workspace\\model-beraking-prompts\\.qc-cache\\coldwater-editor-2026-10-02-r3\\task\\solution,target=/frozen-solution,readonly", "--mount", "type=bind,source=F:\\Documents\\turing-workspace\\model-beraking-prompts\\qc\\runs\\coldwater-editor-2026-10-02-r3\\evidence\\row19-runtime-probe.cjs,target=/row19-runtime-probe.cjs,readonly", "sha256:0e603f6d29172b578e12a584b022cd55e2acbb0bd7755bf7270ec8db7d5ff07d", "node", "/row19-runtime-probe.cjs"]
SOURCE_SHA256 {".qc-cache/coldwater-editor-2026-10-02-r3/task/solution/app/index.html": "2c499286872d73a69b1b0c918a0f724a7bb3751b78fe10ae78fb66295ab2da33", ".qc-cache/coldwater-editor-2026-10-02-r3/task/solution/app/package-lock.json": "f31fac5f31fc5ee8846a296e159777f25c2b7860e4acb543ed8b1b4e015a6471", ".qc-cache/coldwater-editor-2026-10-02-r3/task/solution/app/package.json": "22c1b5bc2a273927f8ebb21c3bf8212b1dbf5e80f320b0daccaf513241bc6d44", ".qc-cache/coldwater-editor-2026-10-02-r3/task/solution/app/public/assets/index-B33FNNrg.js": "7fa3bf61b9f2301d40ce368f513a05ae089a69d6e2555b9666588120a50b5b8c", ".qc-cache/coldwater-editor-2026-10-02-r3/task/solution/app/public/assets/index-rCJ2vy4M.css": "274208d71f98e69d4b0c570ec0732ef2a99b0e93094ca7be9c84550339c02a03", ".qc-cache/coldwater-editor-2026-10-02-r3/task/solution/app/public/index.html": "6ddfa89a2e7b32abcc48396bdd124be8dcb29a59ed71df3d9cfb15b68729ae11", ".qc-cache/coldwater-editor-2026-10-02-r3/task/solution/app/public/runner.html": "ed4a5811f8bd03a48fd256dbb15ee967b1afd6ff20633d77fff33b3491b03a09", ".qc-cache/coldwater-editor-2026-10-02-r3/task/solution/app/server.js": "72f3020bb6c195d449a322de38e5af375de2281dd4834ffa588bc7ede779bdde", ".qc-cache/coldwater-editor-2026-10-02-r3/task/solution/app/src/app.tsx": "a290ca2149381fb5a698c4979303d537c90ec11adde00d0ad4227b626e598dae", ".qc-cache/coldwater-editor-2026-10-02-r3/task/solution/app/src/custom-editor.js": "29ee80ea3e22a5b1448a99b5e2a31c3bffc33fdbe6f60483738eae793c92d15d", ".qc-cache/coldwater-editor-2026-10-02-r3/task/solution/app/src/runtime.ts": "26c811254035884dd38b3ce24a0656722e02ed3d59420b644619e49bde612d26", ".qc-cache/coldwater-editor-2026-10-02-r3/task/solution/app/src/style.css": "274208d71f98e69d4b0c570ec0732ef2a99b0e93094ca7be9c84550339c02a03", ".qc-cache/coldwater-editor-2026-10-02-r3/task/solution/app/static/runner.html": "ed4a5811f8bd03a48fd256dbb15ee967b1afd6ff20633d77fff33b3491b03a09", ".qc-cache/coldwater-editor-2026-10-02-r3/task/solution/app/tsconfig.json": "f26cd6b980b0c1f29bd65e74b4cb6d9f30a27d7c27cd05484025a3acaff2ab87", ".qc-cache/coldwater-editor-2026-10-02-r3/task/solution/app/vite.config.mjs": "0185589627b22414ce5224782eecde554f451a82f76f884cb11eff4722b5107f", ".qc-cache/coldwater-editor-2026-10-02-r3/task/solution/solve.sh": "19d0efc42808569bad096bae5cf56b5bacee2ce99d1f7f05da4f47bddfc5932b"}
STDOUT
PROVENANCE {"node":"v22.23.2","solve":"19d0efc42808569bad096bae5cf56b5bacee2ce99d1f7f05da4f47bddfc5932b","server":"72f3020bb6c195d449a322de38e5af375de2281dd4834ffa588bc7ede779bdde"}
COMMAND ["bash","-n","/frozen-solution/solve.sh"]
EXIT 0
COMMAND ["bash","/frozen-solution/solve.sh"]
EXIT 0
COMMAND ["bash","/frozen-solution/solve.sh"]
EXIT 0
COMMAND ["chown","-R","65534:65534","/app"]
EXIT 0
START {"cwd":"/tmp","command":["env","-i","PATH=/usr/local/sbin:/usr/local/bin:/usr/sbin:/usr/bin:/sbin:/bin","NODE_PATH=/usr/local/lib/node_modules","HOME=/tmp","PORT=3000","setpriv","--reuid=65534","--regid=65534","--clear-groups","node","/app/server.js"]}
Colderwater ready on port 3000
READY {"pid":42,"health":{"ok":true,"service":"colderwater-playground"},"snippets":[]}
ASSET_OK /assets/index-B33FNNrg.js
ASSET_OK /assets/index-rCJ2vy4M.css
STOPPED 42 null SIGTERM
START {"cwd":"/tmp","command":["env","-i","PATH=/usr/local/sbin:/usr/local/bin:/usr/sbin:/usr/bin:/sbin:/bin","NODE_PATH=/usr/local/lib/node_modules","HOME=/tmp","PORT=3000","setpriv","--reuid=65534","--regid=65534","--clear-groups","node","/app/server.js"]}
Colderwater ready on port 3000
READY {"pid":54,"health":{"ok":true,"service":"colderwater-playground"},"snippets":[{"id":1,"title":"Row19 default","filename":"default.js","code":"console.log(19)","revision":1,"updated_at":"2026-10-02T05:14:09.743Z"}]}
STOPPED 54 null SIGTERM
START {"cwd":"/tmp","command":["env","-i","PATH=/usr/local/sbin:/usr/local/bin:/usr/sbin:/usr/bin:/sbin:/bin","NODE_PATH=/usr/local/lib/node_modules","HOME=/tmp","PORT=3000","DB_PATH=/tmp/row19-custom.db","setpriv","--reuid=65534","--regid=65534","--clear-groups","node","/app/server.js"]}
Colderwater ready on port 3000
READY {"pid":61,"health":{"ok":true,"service":"colderwater-playground"},"snippets":[]}
STOPPED 61 null SIGTERM
COMMAND ["cp","-a","/app","/tmp/row19-app-copy"]
EXIT 0
START {"cwd":"/tmp","command":["env","-i","PATH=/usr/local/sbin:/usr/local/bin:/usr/sbin:/usr/bin:/sbin:/bin","NODE_PATH=/usr/local/lib/node_modules","HOME=/tmp","PORT=3000","DB_PATH=/tmp/row19-custom.db","setpriv","--reuid=65534","--regid=65534","--clear-groups","node","/tmp/row19-app-copy/server.js"]}
Colderwater ready on port 3000
READY {"pid":69,"health":{"ok":true,"service":"colderwater-playground"},"snippets":[{"id":1,"title":"Row19 custom","filename":"custom.js","code":"console.log(191)","revision":2,"updated_at":"2026-10-02T05:14:10.016Z"}]}
STOPPED 69 null SIGTERM
START {"cwd":"/tmp","command":["env","-i","PATH=/usr/local/sbin:/usr/local/bin:/usr/sbin:/usr/bin:/sbin:/bin","NODE_PATH=/usr/local/lib/node_modules","HOME=/tmp","PORT=3000","DB_PATH=/tmp/row19-custom.db","setpriv","--reuid=65534","--regid=65534","--clear-groups","node","/tmp/row19-app-copy/server.js"]}
Colderwater ready on port 3000
READY {"pid":76,"health":{"ok":true,"service":"colderwater-playground"},"snippets":[{"id":1,"title":"Row19 custom","filename":"custom.js","code":"console.log(191)","revision":2,"updated_at":"2026-10-02T05:14:10.016Z"}]}
STOPPED 76 null SIGTERM
RESULT {"bashSyntax":true,"LF":true,"repeatedInstall":true,"installedBytesMatch":true,"forbiddenPathsUntouched":true,"outsideWorkingDirectory":true,"unprivilegedLaunch":true,"rootAndBuiltAssets":true,"defaultDatabase":true,"DB_PATHIsolation":true,"alternateWritableCopy":true,"processRestartPersistence":true,"idempotentSchemaAndHistory":true}

STDERR

EXIT 0 ELAPSED_SECONDS 4.047
LIMITATION focused runtime contract probe; not configured judge or private deterministic checker execution.
