{
  "scope": "Isolated no-provider fixture of frozen test.sh orchestration; fake RewardKit, not configured judge grading.",
  "image": "sha256:f1bc0d7761559fb1b1e1126226ed3f37cce476beaf9103016124a60af019637a",
  "records": [
    {
      "command": [
        "docker",
        "run",
        "-d",
        "--name",
        "cw-r3-row21-c4731273",
        "--network",
        "none",
        "--mount",
        "type=bind,source=F:\\Documents\\turing-workspace\\model-beraking-prompts\\.qc-cache\\coldwater-editor-2026-10-02-r3\\task\\tests,target=/frozen-tests,readonly",
        "sha256:f1bc0d7761559fb1b1e1126226ed3f37cce476beaf9103016124a60af019637a",
        "sleep",
        "infinity"
      ],
      "returncode": 0,
      "stdout": "bd549d6717344db0762d6e0350d979431dbf470db6cccdd45b6d1527380629d0\n",
      "stderr": ""
    },
    {
      "command": [
        "docker",
        "exec",
        "cw-r3-row21-c4731273",
        "python3",
        "-c",
        "import shutil,pathlib;shutil.copytree('/frozen-tests','/tests',dirs_exist_ok=True);pathlib.Path('/app').mkdir(exist_ok=True);pathlib.Path('/usr/local/bin/rewardkit').write_text(\"#!/usr/bin/python3\\nimport json, os, sys\\nfrom pathlib import Path\\nsuite = Path(sys.argv[-1]).name\\nout = Path(sys.argv[sys.argv.index('--output') + 1])\\nmode = os.environ['STUB_MODE']\\nwith open('/logs/verifier/stub-calls.txt', 'a') as f: f.write(suite + '\\\\n')\\nif mode == suite + '_error': sys.exit(7)\\nif suite == 'gates':\\n data = {'render': 1.0, 'constraints': 0.0 if mode == 'gate_failure' else 1.0}\\nelse:\\n data = {'functional': .8, 'polish': .5, 'visual': .25}\\nif mode == 'malformed_gates' and suite == 'gates': data = {'render': 1.0}\\nout.write_text(json.dumps(data))\\n\");pathlib.Path('/usr/local/bin/rewardkit').chmod(0o755)"
      ],
      "returncode": 0,
      "stdout": "",
      "stderr": ""
    },
    {
      "command": [
        "docker",
        "exec",
        "cw-r3-row21-c4731273",
        "bash",
        "-n",
        "/tests/test.sh"
      ],
      "returncode": 0,
      "stdout": "",
      "stderr": ""
    },
    {
      "command": [
        "docker",
        "exec",
        "cw-r3-row21-c4731273",
        "python3",
        "-c",
        "import pathlib,shutil;shutil.rmtree('/logs/verifier',ignore_errors=True);pathlib.Path('/app/server.js').unlink(missing_ok=True);pathlib.Path('/app/escape').unlink(missing_ok=True);pathlib.Path('/app/server.js').write_text(\"const http = require('http');\\nconsole.log(JSON.stringify({uid:process.getuid(), port:process.env.PORT, db:process.env.DB_PATH, secret:process.env.ROW21_SECRET || null}));\\nhttp.createServer((req,res)=>{res.end('row21 fixture');}).listen(Number(process.env.PORT));\\n\");"
      ],
      "returncode": 0,
      "stdout": "",
      "stderr": ""
    },
    {
      "command": [
        "docker",
        "exec",
        "-e",
        "STUB_MODE=missing_env",
        "-e",
        "ROW21_SECRET=must-not-reach-app",
        "cw-r3-row21-c4731273",
        "bash",
        "/tests/test.sh"
      ],
      "returncode": 0,
      "stdout": "",
      "stderr": "test.sh: set REWARDKIT_JUDGE and REWARDKIT_MODEL in task.toml [verifier.env]\n"
    },
    {
      "command": [
        "docker",
        "exec",
        "cw-r3-row21-c4731273",
        "python3",
        "-c",
        "import pathlib,json;p=pathlib.Path('/logs/verifier');print(json.dumps({'reward':json.loads((p/'reward.json').read_text()),'reward_txt':(p/'reward.txt').read_text(),'calls':(p/'stub-calls.txt').read_text() if (p/'stub-calls.txt').exists() else '', 'app_log':(p/'app.log').read_text() if (p/'app.log').exists() else ''}))"
      ],
      "returncode": 0,
      "stdout": "{\"reward\": {\"reward\": 0.0, \"render\": 0.0, \"constraints\": 0.0, \"functional\": 0.0, \"polish\": 0.0, \"visual\": 0.0, \"gates_passed\": 0, \"floors_passed\": 0, \"weighted_score\": 0.0, \"graded\": 0, \"no_op\": 1}, \"reward_txt\": \"0.0\\n\", \"calls\": \"\", \"app_log\": \"\"}\n",
      "stderr": ""
    },
    {
      "mode": "missing_env",
      "result": {
        "reward": {
          "reward": 0.0,
          "render": 0.0,
          "constraints": 0.0,
          "functional": 0.0,
          "polish": 0.0,
          "visual": 0.0,
          "gates_passed": 0,
          "floors_passed": 0,
          "weighted_score": 0.0,
          "graded": 0,
          "no_op": 1
        },
        "reward_txt": "0.0\n",
        "calls": "",
        "app_log": ""
      }
    },
    {
      "command": [
        "docker",
        "exec",
        "cw-r3-row21-c4731273",
        "python3",
        "-c",
        "import pathlib,shutil;shutil.rmtree('/logs/verifier',ignore_errors=True);pathlib.Path('/app/server.js').unlink(missing_ok=True);pathlib.Path('/app/escape').unlink(missing_ok=True);"
      ],
      "returncode": 0,
      "stdout": "",
      "stderr": ""
    },
    {
      "command": [
        "docker",
        "exec",
        "-e",
        "STUB_MODE=missing_app",
        "-e",
        "ROW21_SECRET=must-not-reach-app",
        "-e",
        "REWARDKIT_JUDGE=fixture",
        "-e",
        "REWARDKIT_MODEL=fixture",
        "cw-r3-row21-c4731273",
        "bash",
        "/tests/test.sh"
      ],
      "returncode": 0,
      "stdout": "",
      "stderr": ""
    },
    {
      "command": [
        "docker",
        "exec",
        "cw-r3-row21-c4731273",
        "python3",
        "-c",
        "import pathlib,json;p=pathlib.Path('/logs/verifier');print(json.dumps({'reward':json.loads((p/'reward.json').read_text()),'reward_txt':(p/'reward.txt').read_text(),'calls':(p/'stub-calls.txt').read_text() if (p/'stub-calls.txt').exists() else '', 'app_log':(p/'app.log').read_text() if (p/'app.log').exists() else ''}))"
      ],
      "returncode": 0,
      "stdout": "{\"reward\": {\"reward\": 0.0, \"render\": 0.0, \"constraints\": 0.0, \"functional\": 0.0, \"polish\": 0.0, \"visual\": 0.0, \"gates_passed\": 0, \"floors_passed\": 0, \"weighted_score\": 0.0, \"graded\": 0, \"no_op\": 1}, \"reward_txt\": \"0.0\\n\", \"calls\": \"\", \"app_log\": \"\"}\n",
      "stderr": ""
    },
    {
      "mode": "missing_app",
      "result": {
        "reward": {
          "reward": 0.0,
          "render": 0.0,
          "constraints": 0.0,
          "functional": 0.0,
          "polish": 0.0,
          "visual": 0.0,
          "gates_passed": 0,
          "floors_passed": 0,
          "weighted_score": 0.0,
          "graded": 0,
          "no_op": 1
        },
        "reward_txt": "0.0\n",
        "calls": "",
        "app_log": ""
      }
    },
    {
      "command": [
        "docker",
        "exec",
        "cw-r3-row21-c4731273",
        "python3",
        "-c",
        "import pathlib,shutil;shutil.rmtree('/logs/verifier',ignore_errors=True);pathlib.Path('/app/server.js').unlink(missing_ok=True);pathlib.Path('/app/escape').unlink(missing_ok=True);pathlib.Path('/app/server.js').write_text(\"const http = require('http');\\nconsole.log(JSON.stringify({uid:process.getuid(), port:process.env.PORT, db:process.env.DB_PATH, secret:process.env.ROW21_SECRET || null}));\\nhttp.createServer((req,res)=>{res.end('row21 fixture');}).listen(Number(process.env.PORT));\\n\");pathlib.Path('/app/escape').symlink_to('/tests/tools/score.py');"
      ],
      "returncode": 0,
      "stdout": "",
      "stderr": ""
    },
    {
      "command": [
        "docker",
        "exec",
        "-e",
        "STUB_MODE=symlink_escape",
        "-e",
        "ROW21_SECRET=must-not-reach-app",
        "-e",
        "REWARDKIT_JUDGE=fixture",
        "-e",
        "REWARDKIT_MODEL=fixture",
        "cw-r3-row21-c4731273",
        "bash",
        "/tests/test.sh"
      ],
      "returncode": 0,
      "stdout": "",
      "stderr": ""
    },
    {
      "command": [
        "docker",
        "exec",
        "cw-r3-row21-c4731273",
        "python3",
        "-c",
        "import pathlib,json;p=pathlib.Path('/logs/verifier');print(json.dumps({'reward':json.loads((p/'reward.json').read_text()),'reward_txt':(p/'reward.txt').read_text(),'calls':(p/'stub-calls.txt').read_text() if (p/'stub-calls.txt').exists() else '', 'app_log':(p/'app.log').read_text() if (p/'app.log').exists() else ''}))"
      ],
      "returncode": 0,
      "stdout": "{\"reward\": {\"reward\": 0.0, \"render\": 0.0, \"constraints\": 0.0, \"functional\": 0.0, \"polish\": 0.0, \"visual\": 0.0, \"gates_passed\": 0, \"floors_passed\": 0, \"weighted_score\": 0.0, \"graded\": 0, \"no_op\": 1}, \"reward_txt\": \"0.0\\n\", \"calls\": \"\", \"app_log\": \"\"}\n",
      "stderr": ""
    },
    {
      "mode": "symlink_escape",
      "result": {
        "reward": {
          "reward": 0.0,
          "render": 0.0,
          "constraints": 0.0,
          "functional": 0.0,
          "polish": 0.0,
          "visual": 0.0,
          "gates_passed": 0,
          "floors_passed": 0,
          "weighted_score": 0.0,
          "graded": 0,
          "no_op": 1
        },
        "reward_txt": "0.0\n",
        "calls": "",
        "app_log": ""
      }
    },
    {
      "command": [
        "docker",
        "exec",
        "cw-r3-row21-c4731273",
        "python3",
        "-c",
        "import pathlib,shutil;shutil.rmtree('/logs/verifier',ignore_errors=True);pathlib.Path('/app/server.js').unlink(missing_ok=True);pathlib.Path('/app/escape').unlink(missing_ok=True);pathlib.Path('/app/server.js').write_text(\"const http = require('http');\\nconsole.log(JSON.stringify({uid:process.getuid(), port:process.env.PORT, db:process.env.DB_PATH, secret:process.env.ROW21_SECRET || null}));\\nhttp.createServer((req,res)=>{res.end('row21 fixture');}).listen(Number(process.env.PORT));\\n\");"
      ],
      "returncode": 0,
      "stdout": "",
      "stderr": ""
    },
    {
      "command": [
        "docker",
        "exec",
        "-e",
        "STUB_MODE=gates_error",
        "-e",
        "ROW21_SECRET=must-not-reach-app",
        "-e",
        "REWARDKIT_JUDGE=fixture",
        "-e",
        "REWARDKIT_MODEL=fixture",
        "cw-r3-row21-c4731273",
        "bash",
        "/tests/test.sh"
      ],
      "returncode": 0,
      "stdout": "",
      "stderr": ""
    },
    {
      "command": [
        "docker",
        "exec",
        "cw-r3-row21-c4731273",
        "python3",
        "-c",
        "import pathlib,json;p=pathlib.Path('/logs/verifier');print(json.dumps({'reward':json.loads((p/'reward.json').read_text()),'reward_txt':(p/'reward.txt').read_text(),'calls':(p/'stub-calls.txt').read_text() if (p/'stub-calls.txt').exists() else '', 'app_log':(p/'app.log').read_text() if (p/'app.log').exists() else ''}))"
      ],
      "returncode": 0,
      "stdout": "{\"reward\": {\"reward\": 0.0, \"render\": 0.0, \"constraints\": 0.0, \"functional\": 0.0, \"polish\": 0.0, \"visual\": 0.0, \"gates_passed\": 0, \"floors_passed\": 0, \"weighted_score\": 0.0, \"graded\": 0, \"no_op\": 1}, \"reward_txt\": \"0.0\\n\", \"calls\": \"\", \"app_log\": \"{\\\"uid\\\":65534,\\\"port\\\":\\\"3000\\\",\\\"db\\\":\\\"/app/app.db\\\",\\\"secret\\\":null}\\n\"}\n",
      "stderr": ""
    },
    {
      "mode": "gates_error",
      "result": {
        "reward": {
          "reward": 0.0,
          "render": 0.0,
          "constraints": 0.0,
          "functional": 0.0,
          "polish": 0.0,
          "visual": 0.0,
          "gates_passed": 0,
          "floors_passed": 0,
          "weighted_score": 0.0,
          "graded": 0,
          "no_op": 1
        },
        "reward_txt": "0.0\n",
        "calls": "",
        "app_log": "{\"uid\":65534,\"port\":\"3000\",\"db\":\"/app/app.db\",\"secret\":null}\n"
      }
    },
    {
      "command": [
        "docker",
        "exec",
        "cw-r3-row21-c4731273",
        "python3",
        "-c",
        "import pathlib,shutil;shutil.rmtree('/logs/verifier',ignore_errors=True);pathlib.Path('/app/server.js').unlink(missing_ok=True);pathlib.Path('/app/escape').unlink(missing_ok=True);pathlib.Path('/app/server.js').write_text(\"const http = require('http');\\nconsole.log(JSON.stringify({uid:process.getuid(), port:process.env.PORT, db:process.env.DB_PATH, secret:process.env.ROW21_SECRET || null}));\\nhttp.createServer((req,res)=>{res.end('row21 fixture');}).listen(Number(process.env.PORT));\\n\");"
      ],
      "returncode": 0,
      "stdout": "",
      "stderr": ""
    },
    {
      "command": [
        "docker",
        "exec",
        "-e",
        "STUB_MODE=gate_failure",
        "-e",
        "ROW21_SECRET=must-not-reach-app",
        "-e",
        "REWARDKIT_JUDGE=fixture",
        "-e",
        "REWARDKIT_MODEL=fixture",
        "cw-r3-row21-c4731273",
        "bash",
        "/tests/test.sh"
      ],
      "returncode": 0,
      "stdout": "",
      "stderr": ""
    },
    {
      "command": [
        "docker",
        "exec",
        "cw-r3-row21-c4731273",
        "python3",
        "-c",
        "import pathlib,json;p=pathlib.Path('/logs/verifier');print(json.dumps({'reward':json.loads((p/'reward.json').read_text()),'reward_txt':(p/'reward.txt').read_text(),'calls':(p/'stub-calls.txt').read_text() if (p/'stub-calls.txt').exists() else '', 'app_log':(p/'app.log').read_text() if (p/'app.log').exists() else ''}))"
      ],
      "returncode": 0,
      "stdout": "{\"reward\": {\"reward\": 0.0, \"render\": 0.0, \"constraints\": 0.0, \"functional\": 0.0, \"polish\": 0.0, \"visual\": 0.0, \"gates_passed\": 0, \"floors_passed\": 0, \"weighted_score\": 0.0, \"graded\": 0, \"no_op\": 1}, \"reward_txt\": \"0.0\\n\", \"calls\": \"\", \"app_log\": \"{\\\"uid\\\":65534,\\\"port\\\":\\\"3000\\\",\\\"db\\\":\\\"/app/app.db\\\",\\\"secret\\\":null}\\n\"}\n",
      "stderr": ""
    },
    {
      "mode": "gate_failure",
      "result": {
        "reward": {
          "reward": 0.0,
          "render": 0.0,
          "constraints": 0.0,
          "functional": 0.0,
          "polish": 0.0,
          "visual": 0.0,
          "gates_passed": 0,
          "floors_passed": 0,
          "weighted_score": 0.0,
          "graded": 0,
          "no_op": 1
        },
        "reward_txt": "0.0\n",
        "calls": "",
        "app_log": "{\"uid\":65534,\"port\":\"3000\",\"db\":\"/app/app.db\",\"secret\":null}\n"
      }
    },
    {
      "command": [
        "docker",
        "exec",
        "cw-r3-row21-c4731273",
        "python3",
        "-c",
        "import pathlib,shutil;shutil.rmtree('/logs/verifier',ignore_errors=True);pathlib.Path('/app/server.js').unlink(missing_ok=True);pathlib.Path('/app/escape').unlink(missing_ok=True);pathlib.Path('/app/server.js').write_text(\"const http = require('http');\\nconsole.log(JSON.stringify({uid:process.getuid(), port:process.env.PORT, db:process.env.DB_PATH, secret:process.env.ROW21_SECRET || null}));\\nhttp.createServer((req,res)=>{res.end('row21 fixture');}).listen(Number(process.env.PORT));\\n\");"
      ],
      "returncode": 0,
      "stdout": "",
      "stderr": ""
    },
    {
      "command": [
        "docker",
        "exec",
        "-e",
        "STUB_MODE=malformed_gates",
        "-e",
        "ROW21_SECRET=must-not-reach-app",
        "-e",
        "REWARDKIT_JUDGE=fixture",
        "-e",
        "REWARDKIT_MODEL=fixture",
        "cw-r3-row21-c4731273",
        "bash",
        "/tests/test.sh"
      ],
      "returncode": 0,
      "stdout": "",
      "stderr": ""
    },
    {
      "command": [
        "docker",
        "exec",
        "cw-r3-row21-c4731273",
        "python3",
        "-c",
        "import pathlib,json;p=pathlib.Path('/logs/verifier');print(json.dumps({'reward':json.loads((p/'reward.json').read_text()),'reward_txt':(p/'reward.txt').read_text(),'calls':(p/'stub-calls.txt').read_text() if (p/'stub-calls.txt').exists() else '', 'app_log':(p/'app.log').read_text() if (p/'app.log').exists() else ''}))"
      ],
      "returncode": 0,
      "stdout": "{\"reward\": {\"reward\": 0.0, \"render\": 0.0, \"constraints\": 0.0, \"functional\": 0.0, \"polish\": 0.0, \"visual\": 0.0, \"gates_passed\": 0, \"floors_passed\": 0, \"weighted_score\": 0.0, \"graded\": 0, \"no_op\": 1}, \"reward_txt\": \"0.0\\n\", \"calls\": \"\", \"app_log\": \"{\\\"uid\\\":65534,\\\"port\\\":\\\"3000\\\",\\\"db\\\":\\\"/app/app.db\\\",\\\"secret\\\":null}\\n\"}\n",
      "stderr": ""
    },
    {
      "mode": "malformed_gates",
      "result": {
        "reward": {
          "reward": 0.0,
          "render": 0.0,
          "constraints": 0.0,
          "functional": 0.0,
          "polish": 0.0,
          "visual": 0.0,
          "gates_passed": 0,
          "floors_passed": 0,
          "weighted_score": 0.0,
          "graded": 0,
          "no_op": 1
        },
        "reward_txt": "0.0\n",
        "calls": "",
        "app_log": "{\"uid\":65534,\"port\":\"3000\",\"db\":\"/app/app.db\",\"secret\":null}\n"
      }
    },
    {
      "command": [
        "docker",
        "exec",
        "cw-r3-row21-c4731273",
        "python3",
        "-c",
        "import pathlib,shutil;shutil.rmtree('/logs/verifier',ignore_errors=True);pathlib.Path('/app/server.js').unlink(missing_ok=True);pathlib.Path('/app/escape').unlink(missing_ok=True);pathlib.Path('/app/server.js').write_text(\"const http = require('http');\\nconsole.log(JSON.stringify({uid:process.getuid(), port:process.env.PORT, db:process.env.DB_PATH, secret:process.env.ROW21_SECRET || null}));\\nhttp.createServer((req,res)=>{res.end('row21 fixture');}).listen(Number(process.env.PORT));\\n\");"
      ],
      "returncode": 0,
      "stdout": "",
      "stderr": ""
    },
    {
      "command": [
        "docker",
        "exec",
        "-e",
        "STUB_MODE=scored_error",
        "-e",
        "ROW21_SECRET=must-not-reach-app",
        "-e",
        "REWARDKIT_JUDGE=fixture",
        "-e",
        "REWARDKIT_MODEL=fixture",
        "cw-r3-row21-c4731273",
        "bash",
        "/tests/test.sh"
      ],
      "returncode": 0,
      "stdout": "",
      "stderr": ""
    },
    {
      "command": [
        "docker",
        "exec",
        "cw-r3-row21-c4731273",
        "python3",
        "-c",
        "import pathlib,json;p=pathlib.Path('/logs/verifier');print(json.dumps({'reward':json.loads((p/'reward.json').read_text()),'reward_txt':(p/'reward.txt').read_text(),'calls':(p/'stub-calls.txt').read_text() if (p/'stub-calls.txt').exists() else '', 'app_log':(p/'app.log').read_text() if (p/'app.log').exists() else ''}))"
      ],
      "returncode": 0,
      "stdout": "{\"reward\": {\"reward\": 0.0, \"render\": 0.0, \"constraints\": 0.0, \"functional\": 0.0, \"polish\": 0.0, \"visual\": 0.0, \"gates_passed\": 0, \"floors_passed\": 0, \"weighted_score\": 0.0, \"graded\": 0, \"no_op\": 1}, \"reward_txt\": \"0.0\\n\", \"calls\": \"\", \"app_log\": \"{\\\"uid\\\":65534,\\\"port\\\":\\\"3000\\\",\\\"db\\\":\\\"/app/app.db\\\",\\\"secret\\\":null}\\n\"}\n",
      "stderr": ""
    },
    {
      "mode": "scored_error",
      "result": {
        "reward": {
          "reward": 0.0,
          "render": 0.0,
          "constraints": 0.0,
          "functional": 0.0,
          "polish": 0.0,
          "visual": 0.0,
          "gates_passed": 0,
          "floors_passed": 0,
          "weighted_score": 0.0,
          "graded": 0,
          "no_op": 1
        },
        "reward_txt": "0.0\n",
        "calls": "",
        "app_log": "{\"uid\":65534,\"port\":\"3000\",\"db\":\"/app/app.db\",\"secret\":null}\n"
      }
    },
    {
      "command": [
        "docker",
        "exec",
        "cw-r3-row21-c4731273",
        "python3",
        "-c",
        "import pathlib,shutil;shutil.rmtree('/logs/verifier',ignore_errors=True);pathlib.Path('/app/server.js').unlink(missing_ok=True);pathlib.Path('/app/escape').unlink(missing_ok=True);pathlib.Path('/app/server.js').write_text(\"const http = require('http');\\nconsole.log(JSON.stringify({uid:process.getuid(), port:process.env.PORT, db:process.env.DB_PATH, secret:process.env.ROW21_SECRET || null}));\\nhttp.createServer((req,res)=>{res.end('row21 fixture');}).listen(Number(process.env.PORT));\\n\");"
      ],
      "returncode": 0,
      "stdout": "",
      "stderr": ""
    },
    {
      "command": [
        "docker",
        "exec",
        "-e",
        "STUB_MODE=success",
        "-e",
        "ROW21_SECRET=must-not-reach-app",
        "-e",
        "REWARDKIT_JUDGE=fixture",
        "-e",
        "REWARDKIT_MODEL=fixture",
        "cw-r3-row21-c4731273",
        "bash",
        "/tests/test.sh"
      ],
      "returncode": 0,
      "stdout": "",
      "stderr": ""
    },
    {
      "command": [
        "docker",
        "exec",
        "cw-r3-row21-c4731273",
        "python3",
        "-c",
        "import pathlib,json;p=pathlib.Path('/logs/verifier');print(json.dumps({'reward':json.loads((p/'reward.json').read_text()),'reward_txt':(p/'reward.txt').read_text(),'calls':(p/'stub-calls.txt').read_text() if (p/'stub-calls.txt').exists() else '', 'app_log':(p/'app.log').read_text() if (p/'app.log').exists() else ''}))"
      ],
      "returncode": 0,
      "stdout": "{\"reward\": {\"reward\": 0.0, \"render\": 0.0, \"constraints\": 0.0, \"functional\": 0.0, \"polish\": 0.0, \"visual\": 0.0, \"gates_passed\": 0, \"floors_passed\": 0, \"weighted_score\": 0.0, \"graded\": 0, \"no_op\": 1}, \"reward_txt\": \"0.0\\n\", \"calls\": \"\", \"app_log\": \"{\\\"uid\\\":65534,\\\"port\\\":\\\"3000\\\",\\\"db\\\":\\\"/app/app.db\\\",\\\"secret\\\":null}\\n\"}\n",
      "stderr": ""
    },
    {
      "mode": "success",
      "result": {
        "reward": {
          "reward": 0.0,
          "render": 0.0,
          "constraints": 0.0,
          "functional": 0.0,
          "polish": 0.0,
          "visual": 0.0,
          "gates_passed": 0,
          "floors_passed": 0,
          "weighted_score": 0.0,
          "graded": 0,
          "no_op": 1
        },
        "reward_txt": "0.0\n",
        "calls": "",
        "app_log": "{\"uid\":65534,\"port\":\"3000\",\"db\":\"/app/app.db\",\"secret\":null}\n"
      }
    }
  ]
}
