Node: v22.23.2
Image browser: Google Chrome for Testing 152.0.7977.8 
{
  "output": "/evidence/ui",
  "results": [
    {
      "name": "theme persists after reload",
      "passed": true
    },
    {
      "name": "padded reserved-character requisition ID and exact cents saved",
      "passed": true,
      "id": "  req / ? # café  ",
      "budget_cents": 10000001
    },
    {
      "name": "requisition refusal retains entered fields and correction saves",
      "passed": true
    },
    {
      "name": "invalid date rejected, draft retained, UTC millisecond instant saved",
      "passed": true
    },
    {
      "name": "complete populated compensation breakdown in one readable view",
      "passed": true
    },
    {
      "name": "approval round-trips arbitrary ID through encoded route",
      "passed": true
    },
    {
      "name": "dialog initially focuses form, traps tab and returns focus on Escape",
      "passed": true
    },
    {
      "name": "revision refusal shows available replacement budget and exact shortfall",
      "passed": true,
      "message": "committed run-rate $200,000.89 exceeds available headroom $100,000.01; shortfall $100,000.88"
    },
    {
      "name": "over-budget revision remains open with error and entered amount",
      "passed": true
    },
    {
      "name": "all six economic revision fields and lineage signing adjustment",
      "passed": true,
      "revision_id": "  offer / ? # café  -R"
    },
    {
      "name": "rescission of revised leaf displays retained and cancelled units",
      "passed": true
    },
    {
      "name": "auditor read-only controls and readable nested immutable receipts",
      "passed": true
    },
    {
      "name": "all six workspaces fit 390px viewport",
      "passed": true
    },
    {
      "name": "large valid cents survive UI create, revision prefill and unchanged-field save exactly",
      "passed": true
    },
    {
      "name": "rescission transport failure retains entered date and retry succeeds",
      "passed": true,
      "aborted_requests": 1
    },
    {
      "name": "no browser JavaScript errors",
      "passed": true
    }
  ]
}
