[
  {
    "variant": "golden",
    "exit": 0,
    "passing_groups": 15,
    "failure": null,
    "mutant_module_sha256": "21e6e3080cf2815e5c37606b2680f5a643fade86b82faaa65b3994d70adb9725"
  },
  {
    "variant": "balance_only_version",
    "exit": 1,
    "passing_groups": 7,
    "failure": {
      "name": "FAILURE",
      "passed": false,
      "error": "AssertionError [ERR_ASSERTION]: Expected values to be strictly equal:\n\n200 !== 409\n\n    at /tmp/driver-balance_only_version.cjs:86:41\n    at process.processTicksAndRejections (node:internal/process/task_queues:103:5)\n    at async test (/tmp/driver-balance_only_version.cjs:22:30)\n    at async /tmp/driver-balance_only_version.cjs:83:2"
    },
    "mutant_module_sha256": "b9f9ee51a06a33df175b924cc04bcb19fbd46a1e0c637bd5e7d5b2e88325f12a"
  },
  {
    "variant": "no_cached_receipt",
    "exit": 1,
    "passing_groups": 3,
    "failure": {
      "name": "FAILURE",
      "passed": false,
      "error": "AssertionError [ERR_ASSERTION]: Expected values to be strictly equal:\n\n409 !== 200\n\n    at /tmp/driver-no_cached_receipt.cjs:62:104\n    at process.processTicksAndRejections (node:internal/process/task_queues:103:5)\n    at async test (/tmp/driver-no_cached_receipt.cjs:22:30)\n    at async /tmp/driver-no_cached_receipt.cjs:60:2"
    },
    "mutant_module_sha256": "2303095d5859ea365fc1f2b6c01a09d4120b0d9afde37976dabf1f9cedfe8391"
  },
  {
    "variant": "sequential_budget",
    "exit": 1,
    "passing_groups": 0,
    "failure": {
      "name": "FAILURE",
      "passed": false,
      "error": "AssertionError [ERR_ASSERTION]: {\"status\":409,\"data\":{\"error\":\"Sequential budget check refuses netted cycle\"},\"cookie\":null}\n\n409 !== 200\n\n    at /tmp/driver-sequential_budget.cjs:40:88\n    at process.processTicksAndRejections (node:internal/process/task_queues:103:5)\n    at async test (/tmp/driver-sequential_budget.cjs:22:30)\n    at async /tmp/driver-sequential_budget.cjs:35:2"
    },
    "mutant_module_sha256": "827d9c9edb1b5983a6da10be5065a276fa7669193b723f7dfe0cdce9a6f596bd"
  },
  {
    "variant": "empty_operational_seed",
    "exit": 0,
    "passing_groups": 15,
    "failure": null,
    "mutant_module_sha256": "21e6e3080cf2815e5c37606b2680f5a643fade86b82faaa65b3994d70adb9725"
  }
]
