[
  {
    "name": "labelled multi-member editor, stored preview figures and UI commit",
    "passed": true,
    "observed_commit_path": "/api/change-sets/CS-D7B6CD5F/commit"
  },
  {
    "name": "stale preview refusal preserves selections and changed terms; new-key correction succeeds",
    "passed": true
  },
  {
    "name": "real server commit response lost; UI retries same saved operation and confirms original result without new effects",
    "passed": true,
    "forwarded": 1,
    "status": 200
  },
  {
    "name": "independent Auditor context reads stored previews and receipts without write controls",
    "passed": true
  },
  {
    "name": "no JavaScript errors or source mutation",
    "passed": true
  }
]
