[
  {
    "variant": "golden",
    "write_response_status": 200,
    "reqSaved": true,
    "offerSaved": true,
    "freshReq": true,
    "freshOffer": true,
    "pending": true,
    "basic_gate_observations_satisfied": true,
    "approvalDisabled": null
  },
  {
    "variant": "dead_approval",
    "write_response_status": 200,
    "reqSaved": true,
    "offerSaved": true,
    "freshReq": true,
    "freshOffer": true,
    "pending": true,
    "basic_gate_observations_satisfied": true,
    "approvalDisabled": true
  },
  {
    "variant": "no_op_create",
    "write_response_status": 200,
    "reqSaved": false,
    "offerSaved": false,
    "freshReq": false,
    "freshOffer": false,
    "pending": false,
    "basic_gate_observations_satisfied": false,
    "approvalDisabled": null
  }
]
