[
  {
    "name": "netted fully-funded two-requisition cycle; preview has no economic effects",
    "passed": true
  },
  {
    "name": "batch signing differences, replacement grant prices, original referral and immutable source lineage",
    "passed": true
  },
  {
    "name": "same-actor key ignores member order and refuses a changed intent without effects",
    "passed": true
  },
  {
    "name": "same saved commit concurrent retries return original receipt and post no duplicates",
    "passed": true
  },
  {
    "name": "same-requisition offsetting changes use final net budget, not member order",
    "passed": true
  },
  {
    "name": "over-budget or malformed set saves no preview and has no partial financial effects",
    "passed": true
  },
  {
    "name": "four-member valid set and exact safe-integer overflow guard",
    "passed": true
  },
  {
    "name": "FAILURE",
    "passed": false,
    "error": "AssertionError [ERR_ASSERTION]: Expected values to be strictly equal:\n\n200 !== 409\n\n    at /tmp/driver-balance_only_version.cjs:86:41\n    at process.processTicksAndRejections (node:internal/process/task_queues:103:5)\n    at async test (/tmp/driver-balance_only_version.cjs:22:30)\n    at async /tmp/driver-balance_only_version.cjs:83:2"
  }
]
