{"phase": "pre", "returncode": 0, "wall_seconds": 17.17631845298456, "observations": [{"id": "S01.initial", "status": "observed pass", "error": null}, {"id": "S14", "status": "observed pass", "error": null}, {"id": "S15", "status": "observed pass", "error": null}, {"id": "S16.history", "status": "observed pass", "error": null}, {"id": "S34", "status": "observed pass", "error": null}, {"id": "S16.clear", "status": "observed pass", "error": null}, {"id": "S19", "status": "observed pass", "error": null}, {"id": "S21", "status": "observed pass", "error": null}, {"id": "S22.prepare", "status": "observed pass", "error": null}], "fatal_error": null}
{"phase": "post", "returncode": 0, "wall_seconds": 103.1636042020109, "observations": [{"id": "S22", "status": "observed pass", "error": null}, {"id": "S23", "status": "observed pass", "error": null}, {"id": "S02", "status": "observed pass", "error": null}, {"id": "S03", "status": "observed pass", "error": null}, {"id": "S04", "status": "observed pass", "error": null}, {"id": "S08", "status": "observed pass", "error": null}, {"id": "S09", "status": "observed pass", "error": null}, {"id": "S10", "status": "observed pass", "error": null}, {"id": "S11", "status": "observed pass", "error": null}, {"id": "S12", "status": "observed pass", "error": null}, {"id": "S13", "status": "observed pass", "error": null}, {"id": "S36", "status": "observed pass", "error": null}, {"id": "S17", "status": "observed pass", "error": null}, {"id": "S01.deferred", "status": "observed pass", "error": null}, {"id": "S24", "status": "observed pass", "error": null}, {"id": "S05", "status": "observed pass", "error": null}, {"id": "S07", "status": "observed pass", "error": null}], "fatal_error": null}
{
  "case": "golden",
  "passed": true,
  "log_directory": "run-golden-20261001-062647",
  "wall_seconds": 140.06601601000875,
  "fresh_fact_keys": [
    "S01.example_separate",
    "S01.startup_ready",
    "S01.usable_examples",
    "S02.css_builtin_preview",
    "S02.js_fresh_document",
    "S02.js_html_filename_dispatch",
    "S03.completed_error_line",
    "S03.completed_error_message",
    "S03.completed_error_rollback",
    "S03.completed_stop",
    "S03.completed_stop_preview",
    "S03.completed_stop_recovery",
    "S03.later_interactions",
    "S04.pending_css_supersession",
    "S04.pending_html_supersession",
    "S04.pending_stop_recovery",
    "S04.stop_pending_execution",
    "S04.stop_pending_rollback",
    "S04.supersede_pending",
    "S05.origin_boundary_recovery",
    "S05.preview_origin_boundary",
    "S07.network_recovery",
    "S07.network_refusal_preview",
    "S07.snippet_network_boundary",
    "S08.harmless_scope_words",
    "S08.unsupported_execution_recovery",
    "S08.unsupported_execution_refused",
    "S08.unsupported_refusal_preview",
    "S09.literal_loop_deadline",
    "S09.literal_loop_recovery",
    "S09.literal_loop_rollback",
    "S10.js_error_line",
    "S10.js_error_message",
    "S10.js_error_recovery",
    "S10.js_error_rollback",
    "S11.html_error_line",
    "S11.html_error_message",
    "S11.html_error_recovery",
    "S11.html_error_rollback",
    "S12.timer_error_line",
    "S12.timer_error_message",
    "S12.timer_error_recovery",
    "S12.timer_error_rollback",
    "S13.promise_error_line",
    "S13.promise_error_message",
    "S13.promise_error_recovery",
    "S13.promise_error_rollback",
    "S14.console_level_stream",
    "S15.console_value_inspection",
    "S16.console_clear_control",
    "S16.console_duration",
    "S16.console_history",
    "S16.terminal_durations",
    "S17.autorun_debounce",
    "S17.autorun_off_cancels_queue",
    "S17.autorun_off_stays_idle",
    "S17.manual_run_independent_of_autorun",
    "S19.editor_line_numbers",
    "S19.editor_monospace",
    "S19.editor_syntax_colouring",
    "S21.save_load_execution_canary",
    "S21.saved_record_fidelity",
    "S21.saved_records_browser_reload",
    "S22.process_restart_durability",
    "S22.process_restart_write",
    "S22.restart_example_inventory",
    "S23.stale_save_draft_preservation",
    "S23.stale_save_reapply",
    "S23.stale_save_server_refusal",
    "S24.title_case_sensitive",
    "S24.title_collision_refusal",
    "S24.title_empty_rejected",
    "S24.title_refusal_recovery",
    "S24.title_trimming",
    "S34.theme_actual_switch",
    "S34.theme_work_preserved",
    "S36.callback_deadline_recovery",
    "S36.callback_shared_run_deadline",
    "S36.callback_timeout_rollback"
  ],
  "missing_fact_keys": [],
  "failed_fact_keys": []
}
