[
  {
    "name": "netted fully-funded two-requisition cycle; preview has no economic effects",
    "passed": true
  },
  {
    "name": "batch signing differences, replacement grant prices, original referral and immutable source lineage",
    "passed": true
  },
  {
    "name": "same-actor key ignores member order and refuses a changed intent without effects",
    "passed": true
  },
  {
    "name": "same saved commit concurrent retries return original receipt and post no duplicates",
    "passed": true
  },
  {
    "name": "same-requisition offsetting changes use final net budget, not member order",
    "passed": true
  },
  {
    "name": "over-budget or malformed set saves no preview and has no partial financial effects",
    "passed": true
  },
  {
    "name": "four-member valid set and exact safe-integer overflow guard",
    "passed": true
  },
  {
    "name": "touched-budget ABA invalidates preview even though headroom returns; repeating key cannot refresh it",
    "passed": true
  },
  {
    "name": "stale second member refuses without posting the valid first member",
    "passed": true
  },
  {
    "name": "pending creation, another preview, and unrelated settlement do not invalidate the captured read set",
    "passed": true
  },
  {
    "name": "different overlapping previews serialize: one complete winner, one unchanged loser",
    "passed": true
  },
  {
    "name": "disjoint previews both commit independently",
    "passed": true
  },
  {
    "name": "Finance-only prepare/commit and anonymous read boundaries, including cached commit",
    "passed": true
  },
  {
    "name": "later revision/rescission uses destination budget while repeated batch returns original receipt",
    "passed": true
  },
  {
    "name": "process restart preserves saved previews and original retry receipts",
    "passed": true
  }
]
