COMMAND ["docker", "run", "--rm", "--name", "cw-row19-independent-r1", "--mount", "type=bind,source=F:/Documents/turing-workspace/model-beraking-prompts/.qc-cache/coldwater-2026-10-01-history-hardening-r1/task/solution,target=/solution,readonly", "--mount", "type=bind,source=F:/Documents/turing-workspace/model-beraking-prompts/qc/runs/coldwater-2026-10-01-history-hardening-r1,target=/evidence,readonly", "--entrypoint", "bash", "qc-coldwater-row16:history-hardening-r1", "/evidence/row19-runtime-probe.sh"]
STARTED 2026-10-01T14:20:50.924812+00:00
STDOUT
IMAGE_NODE_VERSION=v22.23.2
BASH_SYNTAX=OK
19d0efc42808569bad096bae5cf56b5bacee2ce99d1f7f05da4f47bddfc5932b  /solution/solve.sh
dfb122be179aca058c1f34477e6357ba2873abcc3b9ec7e9988d26fd5dc6bc95  /solution/app/server.js
INSTALL_EXIT=0
FROZEN_START_EXIT=1
CONTROL_ONLY: moving copied node_modules within disposable container
Colderwater ready on port 3000
Colderwater ready on port 3000
{"control":"excluded copied node_modules only","cwd":"/tmp","DB_PATH":"/tmp/row19-custom/app.db","health":200,"page":200,"initialRecords":0,"restartRecords":1,"restartHistoryRows":1,"defaultDatabaseAbsent":true,"result":"PASS"}

STDERR
/app/node_modules/bindings/bindings.js:135
  throw err;
  ^

Error: Could not locate the bindings file. Tried:
 → /app/node_modules/better-sqlite3/build/better_sqlite3.node
 → /app/node_modules/better-sqlite3/build/Debug/better_sqlite3.node
 → /app/node_modules/better-sqlite3/build/Release/better_sqlite3.node
 → /app/node_modules/better-sqlite3/out/Debug/better_sqlite3.node
 → /app/node_modules/better-sqlite3/Debug/better_sqlite3.node
 → /app/node_modules/better-sqlite3/out/Release/better_sqlite3.node
 → /app/node_modules/better-sqlite3/Release/better_sqlite3.node
 → /app/node_modules/better-sqlite3/build/default/better_sqlite3.node
 → /app/node_modules/better-sqlite3/compiled/22.23.2/linux/x64/better_sqlite3.node
 → /app/node_modules/better-sqlite3/addon-build/release/install-root/better_sqlite3.node
 → /app/node_modules/better-sqlite3/addon-build/debug/install-root/better_sqlite3.node
 → /app/node_modules/better-sqlite3/addon-build/default/install-root/better_sqlite3.node
 → /app/node_modules/better-sqlite3/lib/binding/node-v127-linux-x64/better_sqlite3.node
    at bindings (/app/node_modules/bindings/bindings.js:126:9)
    at new Database (/app/node_modules/better-sqlite3/lib/database.js:48:64)
    at Server.<anonymous> (/app/server.js:144:22)
    at Server.f (/app/node_modules/once/once.js:25:25)
    at Object.onceWrapper (node:events:633:28)
    at Server.emit (node:events:531:35)
    at emitListeningNT (node:net:1984:10)
    at process.processTicksAndRejections (node:internal/process/task_queues:88:21) {
  tries: [
    '/app/node_modules/better-sqlite3/build/better_sqlite3.node',
    '/app/node_modules/better-sqlite3/build/Debug/better_sqlite3.node',
    '/app/node_modules/better-sqlite3/build/Release/better_sqlite3.node',
    '/app/node_modules/better-sqlite3/out/Debug/better_sqlite3.node',
    '/app/node_modules/better-sqlite3/Debug/better_sqlite3.node',
    '/app/node_modules/better-sqlite3/out/Release/better_sqlite3.node',
    '/app/node_modules/better-sqlite3/Release/better_sqlite3.node',
    '/app/node_modules/better-sqlite3/build/default/better_sqlite3.node',
    '/app/node_modules/better-sqlite3/compiled/22.23.2/linux/x64/better_sqlite3.node',
    '/app/node_modules/better-sqlite3/addon-build/release/install-root/better_sqlite3.node',
    '/app/node_modules/better-sqlite3/addon-build/debug/install-root/better_sqlite3.node',
    '/app/node_modules/better-sqlite3/addon-build/default/install-root/better_sqlite3.node',
    '/app/node_modules/better-sqlite3/lib/binding/node-v127-linux-x64/better_sqlite3.node'
  ]
}

Node.js v22.23.2

PROBE_EXIT 0
