{
  "classification": "Local synthetic orchestration with exact frozen test.sh and score.py; no configured judge, app score, Oracle or model grade",
  "input_sha256": "6e0b8d2fb655781b3dbd8f4bde8d064dd48f8f7671ecd87f6a2db22b5c0aa8a1",
  "source_sha256": {
    "test.sh": "bd68259276ca4b034654efc8a1723a4e702ed62dbe590af6201565f43eabe5aa",
    "tools/score.py": "13de2b3885967e22aa13ded3bf33c354e3e741e85be871612c04e996eef5c04e",
    "scoring.toml": "95f70d6e06aae5e765b2309d88c444aa36d4cd82763ea2212781b6a99311bbba"
  },
  "cases": [
    {
      "case": "failed-render-max-scores",
      "inputs": {
        "gates": {
          "render": 0,
          "constraints": 1
        },
        "scored": {
          "functional": 1,
          "polish": 1,
          "visual": 1
        }
      },
      "return_code": 0,
      "duration_seconds": 0.9037296480091754,
      "suite_order": [
        "gates"
      ],
      "reward": {
        "render": 0.0,
        "constraints": 1.0,
        "functional": 0.0,
        "polish": 0.0,
        "visual": 0.0,
        "reward": 0.0,
        "gates_passed": 0,
        "floors_passed": 0,
        "weighted_score": 0.0,
        "graded": 1,
        "no_op": 0
      },
      "assertions": {
        "return_code_zero": true,
        "expected_reward": true,
        "expected_suite_order": true,
        "scored_directory_matches_invocation": true,
        "reward_text_matches": true
      }
    },
    {
      "case": "failed-constraints-max-scores",
      "inputs": {
        "gates": {
          "render": 1,
          "constraints": 0
        },
        "scored": {
          "functional": 1,
          "polish": 1,
          "visual": 1
        }
      },
      "return_code": 0,
      "duration_seconds": 0.8652515250141732,
      "suite_order": [
        "gates"
      ],
      "reward": {
        "render": 1.0,
        "constraints": 0.0,
        "functional": 0.0,
        "polish": 0.0,
        "visual": 0.0,
        "reward": 0.0,
        "gates_passed": 0,
        "floors_passed": 0,
        "weighted_score": 0.0,
        "graded": 1,
        "no_op": 0
      },
      "assertions": {
        "return_code_zero": true,
        "expected_reward": true,
        "expected_suite_order": true,
        "scored_directory_matches_invocation": true,
        "reward_text_matches": true
      }
    },
    {
      "case": "gates-only-no-function",
      "inputs": {
        "gates": {
          "render": 1,
          "constraints": 1
        },
        "scored": {
          "functional": 0,
          "polish": 0,
          "visual": 0
        }
      },
      "return_code": 0,
      "duration_seconds": 1.00428346300032,
      "suite_order": [
        "gates",
        "scored"
      ],
      "reward": {
        "render": 1.0,
        "constraints": 1.0,
        "functional": 0.0,
        "polish": 0.0,
        "visual": 0.0,
        "reward": 0.0,
        "gates_passed": 1,
        "floors_passed": 0,
        "weighted_score": 0.0,
        "graded": 1,
        "no_op": 0
      },
      "assertions": {
        "return_code_zero": true,
        "expected_reward": true,
        "expected_suite_order": true,
        "scored_directory_matches_invocation": true,
        "reward_text_matches": true
      }
    },
    {
      "case": "zero-function-max-craft",
      "inputs": {
        "gates": {
          "render": 1,
          "constraints": 1
        },
        "scored": {
          "functional": 0,
          "polish": 1,
          "visual": 1
        }
      },
      "return_code": 0,
      "duration_seconds": 0.9973644260026049,
      "suite_order": [
        "gates",
        "scored"
      ],
      "reward": {
        "render": 1.0,
        "constraints": 1.0,
        "functional": 0.0,
        "polish": 1.0,
        "visual": 1.0,
        "reward": 0.0,
        "gates_passed": 1,
        "floors_passed": 0,
        "weighted_score": 0.4,
        "graded": 1,
        "no_op": 0
      },
      "assertions": {
        "return_code_zero": true,
        "expected_reward": true,
        "expected_suite_order": true,
        "scored_directory_matches_invocation": true,
        "reward_text_matches": true
      }
    },
    {
      "case": "at-floor-max-craft",
      "inputs": {
        "gates": {
          "render": 1,
          "constraints": 1
        },
        "scored": {
          "functional": 0.05,
          "polish": 1,
          "visual": 1
        }
      },
      "return_code": 0,
      "duration_seconds": 0.9570229730161373,
      "suite_order": [
        "gates",
        "scored"
      ],
      "reward": {
        "render": 1.0,
        "constraints": 1.0,
        "functional": 0.05,
        "polish": 1.0,
        "visual": 1.0,
        "reward": 0.0,
        "gates_passed": 1,
        "floors_passed": 0,
        "weighted_score": 0.43,
        "graded": 1,
        "no_op": 0
      },
      "assertions": {
        "return_code_zero": true,
        "expected_reward": true,
        "expected_suite_order": true,
        "scored_directory_matches_invocation": true,
        "reward_text_matches": true
      }
    },
    {
      "case": "above-floor-max-craft",
      "inputs": {
        "gates": {
          "render": 1,
          "constraints": 1
        },
        "scored": {
          "functional": 0.05001,
          "polish": 1,
          "visual": 1
        }
      },
      "return_code": 0,
      "duration_seconds": 1.1122475239972118,
      "suite_order": [
        "gates",
        "scored"
      ],
      "reward": {
        "render": 1.0,
        "constraints": 1.0,
        "functional": 0.05001,
        "polish": 1.0,
        "visual": 1.0,
        "reward": 0.43,
        "gates_passed": 1,
        "floors_passed": 1,
        "weighted_score": 0.43,
        "graded": 1,
        "no_op": 0
      },
      "assertions": {
        "return_code_zero": true,
        "expected_reward": true,
        "expected_suite_order": true,
        "scored_directory_matches_invocation": true,
        "reward_text_matches": true
      }
    },
    {
      "case": "function-only",
      "inputs": {
        "gates": {
          "render": 1,
          "constraints": 1
        },
        "scored": {
          "functional": 1,
          "polish": 0,
          "visual": 0
        }
      },
      "return_code": 0,
      "duration_seconds": 1.2488553510047495,
      "suite_order": [
        "gates",
        "scored"
      ],
      "reward": {
        "render": 1.0,
        "constraints": 1.0,
        "functional": 1.0,
        "polish": 0.0,
        "visual": 0.0,
        "reward": 0.6,
        "gates_passed": 1,
        "floors_passed": 1,
        "weighted_score": 0.6,
        "graded": 1,
        "no_op": 0
      },
      "assertions": {
        "return_code_zero": true,
        "expected_reward": true,
        "expected_suite_order": true,
        "scored_directory_matches_invocation": true,
        "reward_text_matches": true
      }
    },
    {
      "case": "fully-passing",
      "inputs": {
        "gates": {
          "render": 1,
          "constraints": 1
        },
        "scored": {
          "functional": 1,
          "polish": 1,
          "visual": 1
        }
      },
      "return_code": 0,
      "duration_seconds": 1.3276137160137296,
      "suite_order": [
        "gates",
        "scored"
      ],
      "reward": {
        "render": 1.0,
        "constraints": 1.0,
        "functional": 1.0,
        "polish": 1.0,
        "visual": 1.0,
        "reward": 1.0,
        "gates_passed": 1,
        "floors_passed": 1,
        "weighted_score": 1.0,
        "graded": 1,
        "no_op": 0
      },
      "assertions": {
        "return_code_zero": true,
        "expected_reward": true,
        "expected_suite_order": true,
        "scored_directory_matches_invocation": true,
        "reward_text_matches": true
      }
    },
    {
      "case": "malformed-render",
      "inputs": {
        "gates": {
          "render": true,
          "constraints": 1
        },
        "scored": {
          "functional": 1,
          "polish": 1,
          "visual": 1
        }
      },
      "return_code": 0,
      "duration_seconds": 0.8923979759856593,
      "suite_order": [
        "gates"
      ],
      "reward": {
        "reward": 0.0,
        "render": 0.0,
        "constraints": 0.0,
        "functional": 0.0,
        "polish": 0.0,
        "visual": 0.0,
        "gates_passed": 0,
        "floors_passed": 0,
        "weighted_score": 0.0,
        "graded": 0,
        "no_op": 1
      },
      "assertions": {
        "return_code_zero": true,
        "expected_reward": true,
        "expected_suite_order": true,
        "scored_directory_matches_invocation": true,
        "reward_text_matches": true
      }
    }
  ],
  "passed": true
}
